// Jest Snapshot v1, https://goo.gl/fbAQLP

exports[`AlgebraPool gas tests [ @skip-on-coverage ] Filled VolatilityOracle swaps dynamic fee large swap crossing several initialized ticks 1`] = `216020`;

exports[`AlgebraPool gas tests [ @skip-on-coverage ] Filled VolatilityOracle swaps dynamic fee small swap with filled volatilityOracle 1`] = `168035`;

exports[`AlgebraPool gas tests [ @skip-on-coverage ] Filled VolatilityOracle swaps dynamic fee small swap with filled volatilityOracle after 4h 1`] = `203473`;

exports[`AlgebraPool gas tests [ @skip-on-coverage ] Filled VolatilityOracle swaps dynamic fee small swap with filled volatilityOracle after 8h 1`] = `196259`;

exports[`AlgebraPool gas tests [ @skip-on-coverage ] Filled VolatilityOracle swaps dynamic fee small swap with filled volatilityOracle after 24h 1`] = `164527`;

exports[`AlgebraPool gas tests [ @skip-on-coverage ] Filled VolatilityOracle swaps static fee large swap crossing several initialized ticks 1`] = `214790`;

exports[`AlgebraPool gas tests [ @skip-on-coverage ] Filled VolatilityOracle swaps static fee small swap with filled volatilityOracle 1`] = `164537`;

exports[`AlgebraPool gas tests [ @skip-on-coverage ] Filled VolatilityOracle swaps static fee small swap with filled volatilityOracle after 4h 1`] = `198002`;

exports[`AlgebraPool gas tests [ @skip-on-coverage ] Filled VolatilityOracle swaps static fee small swap with filled volatilityOracle after 8h 1`] = `208936`;

exports[`AlgebraPool gas tests [ @skip-on-coverage ] Filled VolatilityOracle swaps static fee small swap with filled volatilityOracle after 24h 1`] = `164009`;

exports[`AlgebraPool gas tests [ @skip-on-coverage ] Positions #burn above current price burn when only position using ticks 1`] = `117065`;

exports[`AlgebraPool gas tests [ @skip-on-coverage ] Positions #burn above current price entire position burn but other positions are using the ticks 1`] = `110857`;

exports[`AlgebraPool gas tests [ @skip-on-coverage ] Positions #burn above current price partial position burn 1`] = `115657`;

exports[`AlgebraPool gas tests [ @skip-on-coverage ] Positions #burn around current price burn when only position using ticks 1`] = `126944`;

exports[`AlgebraPool gas tests [ @skip-on-coverage ] Positions #burn around current price entire position burn but other positions are using the ticks 1`] = `115265`;

exports[`AlgebraPool gas tests [ @skip-on-coverage ] Positions #burn around current price partial position burn 1`] = `120065`;

exports[`AlgebraPool gas tests [ @skip-on-coverage ] Positions #burn below current price burn when only position using ticks 1`] = `126501`;

exports[`AlgebraPool gas tests [ @skip-on-coverage ] Positions #burn below current price entire position burn but other positions are using the ticks 1`] = `111518`;

exports[`AlgebraPool gas tests [ @skip-on-coverage ] Positions #burn below current price partial position burn 1`] = `116318`;

exports[`AlgebraPool gas tests [ @skip-on-coverage ] Positions #collect close to worst case 1`] = `52593`;

exports[`AlgebraPool gas tests [ @skip-on-coverage ] Positions #collect close to worst case, two tokens 1`] = `70312`;

exports[`AlgebraPool gas tests [ @skip-on-coverage ] Positions #mint above current price add to position existing 1`] = `128469`;

exports[`AlgebraPool gas tests [ @skip-on-coverage ] Positions #mint above current price new position mint first in range 1`] = `282332`;

exports[`AlgebraPool gas tests [ @skip-on-coverage ] Positions #mint above current price second position in same range 1`] = `145569`;

exports[`AlgebraPool gas tests [ @skip-on-coverage ] Positions #mint around current price add to position existing 1`] = `153538`;

exports[`AlgebraPool gas tests [ @skip-on-coverage ] Positions #mint around current price new position mint first in range 1`] = `360446`;

exports[`AlgebraPool gas tests [ @skip-on-coverage ] Positions #mint around current price second position in same range 1`] = `170638`;

exports[`AlgebraPool gas tests [ @skip-on-coverage ] Positions #mint below current price add to position existing 1`] = `129037`;

exports[`AlgebraPool gas tests [ @skip-on-coverage ] Positions #mint below current price new position mint first in range 1`] = `356677`;

exports[`AlgebraPool gas tests [ @skip-on-coverage ] Positions #mint below current price second position in same range 1`] = `146137`;

exports[`AlgebraPool gas tests [ @skip-on-coverage ] Positions #poke best case 1`] = `63711`;

exports[`AlgebraPool gas tests [ @skip-on-coverage ] fee is off #swap #swapExact0For1 first swap in block moves tick, no initialized crossings 1`] = `157448`;

exports[`AlgebraPool gas tests [ @skip-on-coverage ] fee is off #swap #swapExact0For1 first swap in block with no tick movement 1`] = `157417`;

exports[`AlgebraPool gas tests [ @skip-on-coverage ] fee is off #swap #swapExact0For1 first swap in block with no tick movement, static fee 1`] = `159202`;

exports[`AlgebraPool gas tests [ @skip-on-coverage ] fee is off #swap #swapExact0For1 first swap in block, large swap crossing a single initialized tick 1`] = `174008`;

exports[`AlgebraPool gas tests [ @skip-on-coverage ] fee is off #swap #swapExact0For1 first swap in block, large swap crossing several initialized ticks 1`] = `207558`;

exports[`AlgebraPool gas tests [ @skip-on-coverage ] fee is off #swap #swapExact0For1 first swap in block, large swap, no initialized crossings 1`] = `157515`;

exports[`AlgebraPool gas tests [ @skip-on-coverage ] fee is off #swap #swapExact0For1 large swap crossing several initialized ticks after some time passes 1`] = `207558`;

exports[`AlgebraPool gas tests [ @skip-on-coverage ] fee is off #swap #swapExact0For1 large swap crossing several initialized ticks second time after some time passes 1`] = `226758`;

exports[`AlgebraPool gas tests [ @skip-on-coverage ] fee is off #swap #swapExact0For1 second swap in block moves tick, no initialized crossings 1`] = `127681`;

exports[`AlgebraPool gas tests [ @skip-on-coverage ] fee is off #swap #swapExact0For1 second swap in block with no tick movement 1`] = `127645`;

exports[`AlgebraPool gas tests [ @skip-on-coverage ] fee is off #swap #swapExact0For1 second swap in block, large swap crossing a single initialized tick 1`] = `143426`;

exports[`AlgebraPool gas tests [ @skip-on-coverage ] fee is off #swap #swapExact0For1 second swap in block, large swap crossing several initialized ticks 1`] = `177797`;

exports[`AlgebraPool gas tests [ @skip-on-coverage ] fee is off #swap #swapExact0For1 several large swaps with pauses 1`] = `234520`;

exports[`AlgebraPool gas tests [ @skip-on-coverage ] fee is off #swap #swapExact0For1 small swap after several large swaps with pauses 1`] = `165048`;

exports[`AlgebraPool gas tests [ @skip-on-coverage ] fee is off #swap #swapExact1For0 first swap in block moves tick, no initialized crossings 1`] = `157509`;

exports[`AlgebraPool gas tests [ @skip-on-coverage ] fee is off #swap #swapExact1For0 first swap in block with no tick movement 1`] = `157457`;

exports[`AlgebraPool gas tests [ @skip-on-coverage ] fee is off #swap #swapExact1For0 second swap in block with no tick movement 1`] = `127706`;

exports[`AlgebraPool gas tests [ @skip-on-coverage ] fee is off #swap farming connected first swap in block moves tick, no initialized crossings 1`] = `188859`;

exports[`AlgebraPool gas tests [ @skip-on-coverage ] fee is off #swap farming connected first swap in block with no tick movement 1`] = `188807`;

exports[`AlgebraPool gas tests [ @skip-on-coverage ] fee is off #swap farming connected second swap in block with no tick movement 1`] = `141956`;

exports[`AlgebraPool gas tests [ @skip-on-coverage ] fee is on #swap #swapExact0For1 first swap in block moves tick, no initialized crossings 1`] = `167935`;

exports[`AlgebraPool gas tests [ @skip-on-coverage ] fee is on #swap #swapExact0For1 first swap in block with no tick movement 1`] = `167904`;

exports[`AlgebraPool gas tests [ @skip-on-coverage ] fee is on #swap #swapExact0For1 first swap in block with no tick movement, static fee 1`] = `159427`;

exports[`AlgebraPool gas tests [ @skip-on-coverage ] fee is on #swap #swapExact0For1 first swap in block, large swap crossing a single initialized tick 1`] = `184732`;

exports[`AlgebraPool gas tests [ @skip-on-coverage ] fee is on #swap #swapExact0For1 first swap in block, large swap crossing several initialized ticks 1`] = `218993`;

exports[`AlgebraPool gas tests [ @skip-on-coverage ] fee is on #swap #swapExact0For1 first swap in block, large swap, no initialized crossings 1`] = `168002`;

exports[`AlgebraPool gas tests [ @skip-on-coverage ] fee is on #swap #swapExact0For1 large swap crossing several initialized ticks after some time passes 1`] = `218993`;

exports[`AlgebraPool gas tests [ @skip-on-coverage ] fee is on #swap #swapExact0For1 large swap crossing several initialized ticks second time after some time passes 1`] = `238193`;

exports[`AlgebraPool gas tests [ @skip-on-coverage ] fee is on #swap #swapExact0For1 second swap in block moves tick, no initialized crossings 1`] = `138168`;

exports[`AlgebraPool gas tests [ @skip-on-coverage ] fee is on #swap #swapExact0For1 second swap in block with no tick movement 1`] = `138132`;

exports[`AlgebraPool gas tests [ @skip-on-coverage ] fee is on #swap #swapExact0For1 second swap in block, large swap crossing a single initialized tick 1`] = `154150`;

exports[`AlgebraPool gas tests [ @skip-on-coverage ] fee is on #swap #swapExact0For1 second swap in block, large swap crossing several initialized ticks 1`] = `189232`;

exports[`AlgebraPool gas tests [ @skip-on-coverage ] fee is on #swap #swapExact0For1 several large swaps with pauses 1`] = `245955`;

exports[`AlgebraPool gas tests [ @skip-on-coverage ] fee is on #swap #swapExact0For1 small swap after several large swaps with pauses 1`] = `165273`;

exports[`AlgebraPool gas tests [ @skip-on-coverage ] fee is on #swap #swapExact1For0 first swap in block moves tick, no initialized crossings 1`] = `168007`;

exports[`AlgebraPool gas tests [ @skip-on-coverage ] fee is on #swap #swapExact1For0 first swap in block with no tick movement 1`] = `167955`;

exports[`AlgebraPool gas tests [ @skip-on-coverage ] fee is on #swap #swapExact1For0 second swap in block with no tick movement 1`] = `138204`;

exports[`AlgebraPool gas tests [ @skip-on-coverage ] fee is on #swap farming connected first swap in block moves tick, no initialized crossings 1`] = `199357`;

exports[`AlgebraPool gas tests [ @skip-on-coverage ] fee is on #swap farming connected first swap in block with no tick movement 1`] = `199305`;

exports[`AlgebraPool gas tests [ @skip-on-coverage ] fee is on #swap farming connected second swap in block with no tick movement 1`] = `152454`;
