// Jest Snapshot v1, https://goo.gl/fbAQLP

exports[`SlidingFee #getFee gas cost  [ @skip-on-coverage ] gas cost of same tick 1`] = `26775`;

exports[`SlidingFee #getFee gas cost  [ @skip-on-coverage ] gas cost of tick decrease 1`] = `31874`;

exports[`SlidingFee #getFee gas cost  [ @skip-on-coverage ] gas cost of tick increase 1`] = `31760`;
