// Jest Snapshot v1, https://goo.gl/fbAQLP

exports[`PoolAddress #computeAddress gas cost [ @skip-on-coverage ] 1`] = `673`;

exports[`PoolAddress #computeAddress matches example from core repo 1`] = `"0xC8dF379114c2BeEdd8cBFaE53fF162cD2027ab5e"`;
