// Jest Snapshot v1, https://goo.gl/fbAQLP

exports[`PositionValue #fees when price is above the position range gas 1`] = `53868`;

exports[`PositionValue #fees when price is below the position range gas 1`] = `53934`;

exports[`PositionValue #fees when price is within the position range gas 1`] = `60204`;

exports[`PositionValue #principal gas 1`] = `26316`;

exports[`PositionValue #total gas 1`] = `63295`;
